Archive member included to satisfy reference by file (symbol)

C:/ST/STM32CubeIDE_2.0.0/STM32CubeIDE/plugins/com.st.stm32cube.ide.mcu.externaltools.gnu-tools-for-stm32.13.3.rel1.win32_1.0.100.202509120712/tools/bin/../lib/gcc/arm-none-eabi/13.3.1/../../../../arm-none-eabi/lib/thumb/v7e-m+fp/hard\libc_nano.a(libc_a-exit.o)
                              C:/ST/STM32CubeIDE_2.0.0/STM32CubeIDE/plugins/com.st.stm32cube.ide.mcu.externaltools.gnu-tools-for-stm32.13.3.rel1.win32_1.0.100.202509120712/tools/bin/../lib/gcc/arm-none-eabi/13.3.1/../../../../arm-none-eabi/lib/thumb/v7e-m+fp/hard/crt0.o (exit)
C:/ST/STM32CubeIDE_2.0.0/STM32CubeIDE/plugins/com.st.stm32cube.ide.mcu.externaltools.gnu-tools-for-stm32.13.3.rel1.win32_1.0.100.202509120712/tools/bin/../lib/gcc/arm-none-eabi/13.3.1/../../../../arm-none-eabi/lib/thumb/v7e-m+fp/hard\libc_nano.a(libc_a-findfp.o)
                              C:/ST/STM32CubeIDE_2.0.0/STM32CubeIDE/plugins/com.st.stm32cube.ide.mcu.externaltools.gnu-tools-for-stm32.13.3.rel1.win32_1.0.100.202509120712/tools/bin/../lib/gcc/arm-none-eabi/13.3.1/../../../../arm-none-eabi/lib/thumb/v7e-m+fp/hard\libc_nano.a(libc_a-exit.o) (__stdio_exit_handler)
C:/ST/STM32CubeIDE_2.0.0/STM32CubeIDE/plugins/com.st.stm32cube.ide.mcu.externaltools.gnu-tools-for-stm32.13.3.rel1.win32_1.0.100.202509120712/tools/bin/../lib/gcc/arm-none-eabi/13.3.1/../../../../arm-none-eabi/lib/thumb/v7e-m+fp/hard\libc_nano.a(libc_a-fwalk.o)
                              C:/ST/STM32CubeIDE_2.0.0/STM32CubeIDE/plugins/com.st.stm32cube.ide.mcu.externaltools.gnu-tools-for-stm32.13.3.rel1.win32_1.0.100.202509120712/tools/bin/../lib/gcc/arm-none-eabi/13.3.1/../../../../arm-none-eabi/lib/thumb/v7e-m+fp/hard\libc_nano.a(libc_a-findfp.o) (_fwalk_sglue)
C:/ST/STM32CubeIDE_2.0.0/STM32CubeIDE/plugins/com.st.stm32cube.ide.mcu.externaltools.gnu-tools-for-stm32.13.3.rel1.win32_1.0.100.202509120712/tools/bin/../lib/gcc/arm-none-eabi/13.3.1/../../../../arm-none-eabi/lib/thumb/v7e-m+fp/hard\libc_nano.a(libc_a-stdio.o)
                              C:/ST/STM32CubeIDE_2.0.0/STM32CubeIDE/plugins/com.st.stm32cube.ide.mcu.externaltools.gnu-tools-for-stm32.13.3.rel1.win32_1.0.100.202509120712/tools/bin/../lib/gcc/arm-none-eabi/13.3.1/../../../../arm-none-eabi/lib/thumb/v7e-m+fp/hard\libc_nano.a(libc_a-findfp.o) (__sread)
C:/ST/STM32CubeIDE_2.0.0/STM32CubeIDE/plugins/com.st.stm32cube.ide.mcu.externaltools.gnu-tools-for-stm32.13.3.rel1.win32_1.0.100.202509120712/tools/bin/../lib/gcc/arm-none-eabi/13.3.1/../../../../arm-none-eabi/lib/thumb/v7e-m+fp/hard\libc_nano.a(libc_a-memset.o)
                              C:/ST/STM32CubeIDE_2.0.0/STM32CubeIDE/plugins/com.st.stm32cube.ide.mcu.externaltools.gnu-tools-for-stm32.13.3.rel1.win32_1.0.100.202509120712/tools/bin/../lib/gcc/arm-none-eabi/13.3.1/../../../../arm-none-eabi/lib/thumb/v7e-m+fp/hard/crt0.o (memset)
C:/ST/STM32CubeIDE_2.0.0/STM32CubeIDE/plugins/com.st.stm32cube.ide.mcu.externaltools.gnu-tools-for-stm32.13.3.rel1.win32_1.0.100.202509120712/tools/bin/../lib/gcc/arm-none-eabi/13.3.1/../../../../arm-none-eabi/lib/thumb/v7e-m+fp/hard\libc_nano.a(libc_a-closer.o)
                              C:/ST/STM32CubeIDE_2.0.0/STM32CubeIDE/plugins/com.st.stm32cube.ide.mcu.externaltools.gnu-tools-for-stm32.13.3.rel1.win32_1.0.100.202509120712/tools/bin/../lib/gcc/arm-none-eabi/13.3.1/../../../../arm-none-eabi/lib/thumb/v7e-m+fp/hard\libc_nano.a(libc_a-stdio.o) (_close_r)
C:/ST/STM32CubeIDE_2.0.0/STM32CubeIDE/plugins/com.st.stm32cube.ide.mcu.externaltools.gnu-tools-for-stm32.13.3.rel1.win32_1.0.100.202509120712/tools/bin/../lib/gcc/arm-none-eabi/13.3.1/../../../../arm-none-eabi/lib/thumb/v7e-m+fp/hard\libc_nano.a(libc_a-reent.o)
                              C:/ST/STM32CubeIDE_2.0.0/STM32CubeIDE/plugins/com.st.stm32cube.ide.mcu.externaltools.gnu-tools-for-stm32.13.3.rel1.win32_1.0.100.202509120712/tools/bin/../lib/gcc/arm-none-eabi/13.3.1/../../../../arm-none-eabi/lib/thumb/v7e-m+fp/hard\libc_nano.a(libc_a-closer.o) (errno)
C:/ST/STM32CubeIDE_2.0.0/STM32CubeIDE/plugins/com.st.stm32cube.ide.mcu.externaltools.gnu-tools-for-stm32.13.3.rel1.win32_1.0.100.202509120712/tools/bin/../lib/gcc/arm-none-eabi/13.3.1/../../../../arm-none-eabi/lib/thumb/v7e-m+fp/hard\libc_nano.a(libc_a-impure.o)
                              C:/ST/STM32CubeIDE_2.0.0/STM32CubeIDE/plugins/com.st.stm32cube.ide.mcu.externaltools.gnu-tools-for-stm32.13.3.rel1.win32_1.0.100.202509120712/tools/bin/../lib/gcc/arm-none-eabi/13.3.1/../../../../arm-none-eabi/lib/thumb/v7e-m+fp/hard\libc_nano.a(libc_a-reent.o) (_impure_ptr)
C:/ST/STM32CubeIDE_2.0.0/STM32CubeIDE/plugins/com.st.stm32cube.ide.mcu.externaltools.gnu-tools-for-stm32.13.3.rel1.win32_1.0.100.202509120712/tools/bin/../lib/gcc/arm-none-eabi/13.3.1/../../../../arm-none-eabi/lib/thumb/v7e-m+fp/hard\libc_nano.a(libc_a-lseekr.o)
[...]
Memory Configuration

Name             Origin             Length             Attributes
RAM              0x20000000         0x00018000         xrw
RAM2             0x10000000         0x00008000         xrw
FLASH            0x08000000         0x00100000         xr
*default*        0x00000000         0xffffffff

Linker script and memory map

LOAD C:/ST/STM32CubeIDE_2.0.0/STM32CubeIDE/plugins/com.st.stm32cube.ide.mcu.externaltools.gnu-tools-for-stm32.13.3.rel1.win32_1.0.100.202509120712/tools/bin/../lib/gcc/arm-none-eabi/13.3.1/thumb/v7e-m+fp/hard/crti.o
LOAD C:/ST/STM32CubeIDE_2.0.0/STM32CubeIDE/plugins/com.st.stm32cube.ide.mcu.externaltools.gnu-tools-for-stm32.13.3.rel1.win32_1.0.100.202509120712/tools/bin/../lib/gcc/arm-none-eabi/13.3.1/thumb/v7e-m+fp/hard/crtbegin.o
LOAD C:/ST/STM32CubeIDE_2.0.0/STM32CubeIDE/plugins/com.st.stm32cube.ide.mcu.externaltools.gnu-tools-for-stm32.13.3.rel1.win32_1.0.100.202509120712/tools/bin/../lib/gcc/arm-none-eabi/13.3.1/../../../../arm-none-eabi/lib/thumb/v7e-m+fp/hard/crt0.o
LOAD ./Core/Src/main.o
LOAD ./Core/Src/mpu6050.o
LOAD ./Core/Src/ssd1306_Custom.o
LOAD ./Core/Src/ssd1306_fonts_Custom.o
LOAD ./Core/Src/stm32l4xx_hal_msp.o
LOAD ./Core/Src/stm32l4xx_it.o
LOAD ./Core/Src/syscalls.o
LOAD ./Core/Src/sysmem.o
LOAD ./Core/Src/system_stm32l4xx.o
LOAD ./Core/Startup/startup_stm32l476rgtx.o
LOAD ./Drivers/STM32L4xx_HAL_Driver/Src/stm32l4xx_hal.o
LOAD ./Drivers/STM32L4xx_HAL_Driver/Src/stm32l4xx_hal_cortex.o
LOAD ./Drivers/STM32L4xx_HAL_Driver/Src/stm32l4xx_hal_dma.o
LOAD ./Drivers/STM32L4xx_HAL_Driver/Src/stm32l4xx_hal_dma_ex.o
LOAD ./Drivers/STM32L4xx_HAL_Driver/Src/stm32l4xx_hal_exti.o
LOAD ./Drivers/STM32L4xx_HAL_Driver/Src/stm32l4xx_hal_flash.o
LOAD ./Drivers/STM32L4xx_HAL_Driver/Src/stm32l4xx_hal_flash_ex.o
LOAD ./Drivers/STM32L4xx_HAL_Driver/Src/stm32l4xx_hal_flash_ramfunc.o
LOAD ./Drivers/STM32L4xx_HAL_Driver/Src/stm32l4xx_hal_gpio.o
LOAD ./Drivers/STM32L4xx_HAL_Driver/Src/stm32l4xx_hal_i2c.o
LOAD ./Drivers/STM32L4xx_HAL_Driver/Src/stm32l4xx_hal_i2c_ex.o
LOAD ./Drivers/STM32L4xx_HAL_Driver/Src/stm32l4xx_hal_pwr.o
LOAD ./Drivers/STM32L4xx_HAL_Driver/Src/stm32l4xx_hal_pwr_ex.o
LOAD ./Drivers/STM32L4xx_HAL_Driver/Src/stm32l4xx_hal_rcc.o
LOAD ./Drivers/STM32L4xx_HAL_Driver/Src/stm32l4xx_hal_rcc_ex.o
LOAD ./Drivers/STM32L4xx_HAL_Driver/Src/stm32l4xx_hal_uart.o
LOAD ./Drivers/STM32L4xx_HAL_Driver/Src/stm32l4xx_hal_uart_ex.o
START GROUP
LOAD C:/ST/STM32CubeIDE_2.0.0/STM32CubeIDE/plugins/com.st.stm32cube.ide.mcu.externaltools.gnu-tools-for-stm32.13.3.rel1.win32_1.0.100.202509120712/tools/bin/../lib/gcc/arm-none-eabi/13.3.1/../../../../arm-none-eabi/lib/thumb/v7e-m+fp/hard\libc_nano.a
LOAD C:/ST/STM32CubeIDE_2.0.0/STM32CubeIDE/plugins/com.st.stm32cube.ide.mcu.externaltools.gnu-tools-for-stm32.13.3.rel1.win32_1.0.100.202509120712/tools/bin/../lib/gcc/arm-none-eabi/13.3.1/../../../../arm-none-eabi/lib/thumb/v7e-m+fp/hard\libm.a
END GROUP
START GROUP
LOAD C:/ST/STM32CubeIDE_2.0.0/STM32CubeIDE/plugins/com.st.stm32cube.ide.mcu.externaltools.gnu-tools-for-stm32.13.3.rel1.win32_1.0.100.202509120712/tools/bin/../lib/gcc/arm-none-eabi/13.3.1/thumb/v7e-m+fp/hard\libgcc.a
LOAD C:/ST/STM32CubeIDE_2.0.0/STM32CubeIDE/plugins/com.st.stm32cube.ide.mcu.externaltools.gnu-tools-for-stm32.13.3.rel1.win32_1.0.100.202509120712/tools/bin/../lib/gcc/arm-none-eabi/13.3.1/../../../../arm-none-eabi/lib/thumb/v7e-m+fp/hard\libc_nano.a
END GROUP
START GROUP
LOAD C:/ST/STM32CubeIDE_2.0.0/STM32CubeIDE/plugins/com.st.stm32cube.ide.mcu.externaltools.gnu-tools-for-stm32.13.3.rel1.win32_1.0.100.202509120712/tools/bin/../lib/gcc/arm-none-eabi/13.3.1/thumb/v7e-m+fp/hard\libgcc.a
LOAD C:/ST/STM32CubeIDE_2.0.0/STM32CubeIDE/plugins/com.st.stm32cube.ide.mcu.externaltools.gnu-tools-for-stm32.13.3.rel1.win32_1.0.100.202509120712/tools/bin/../lib/gcc/arm-none-eabi/13.3.1/../../../../arm-none-eabi/lib/thumb/v7e-m+fp/hard\libc_nano.a
LOAD C:/ST/STM32CubeIDE_2.0.0/STM32CubeIDE/plugins/com.st.stm32cube.ide.mcu.externaltools.gnu-tools-for-stm32.13.3.rel1.win32_1.0.100.202509120712/tools/bin/../lib/gcc/arm-none-eabi/13.3.1/../../../../arm-none-eabi/lib/thumb/v7e-m+fp/hard\libnosys.a
END GROUP
START GROUP
LOAD C:/ST/STM32CubeIDE_2.0.0/STM32CubeIDE/plugins/com.st.stm32cube.ide.mcu.externaltools.gnu-tools-for-stm32.13.3.rel1.win32_1.0.100.202509120712/tools/bin/../lib/gcc/arm-none-eabi/13.3.1/thumb/v7e-m+fp/hard\libgcc.a
LOAD C:/ST/STM32CubeIDE_2.0.0/STM32CubeIDE/plugins/com.st.stm32cube.ide.mcu.externaltools.gnu-tools-for-stm32.13.3.rel1.win32_1.0.100.202509120712/tools/bin/../lib/gcc/arm-none-eabi/13.3.1/../../../../arm-none-eabi/lib/thumb/v7e-m+fp/hard\libc_nano.a
LOAD C:/ST/STM32CubeIDE_2.0.0/STM32CubeIDE/plugins/com.st.stm32cube.ide.mcu.externaltools.gnu-tools-for-stm32.13.3.rel1.win32_1.0.100.202509120712/tools/bin/../lib/gcc/arm-none-eabi/13.3.1/../../../../arm-none-eabi/lib/thumb/v7e-m+fp/hard\libnosys.a
END GROUP
LOAD C:/ST/STM32CubeIDE_2.0.0/STM32CubeIDE/plugins/com.st.stm32cube.ide.mcu.externaltools.gnu-tools-for-stm32.13.3.rel1.win32_1.0.100.202509120712/tools/bin/../lib/gcc/arm-none-eabi/13.3.1/thumb/v7e-m+fp/hard/crtend.o
LOAD C:/ST/STM32CubeIDE_2.0.0/STM32CubeIDE/plugins/com.st.stm32cube.ide.mcu.externaltools.gnu-tools-for-stm32.13.3.rel1.win32_1.0.100.202509120712/tools/bin/../lib/gcc/arm-none-eabi/13.3.1/thumb/v7e-m+fp/hard/crtn.o
                0x20018000                        _estack = (ORIGIN (RAM) + LENGTH (RAM))
                0x00000200                        _Min_Heap_Size = 0x200
                0x00000400                        _Min_Stack_Size = 0x400

.isr_vector     0x08000000      0x188
                0x08000000                        . = ALIGN (0x4)
 *(.isr_vector)
 .isr_vector    0x08000000      0x188 ./Core/Startup/startup_stm32l476rgtx.o
                0x08000000                g_pfnVectors
                0x08000188                        . = ALIGN (0x4)

.text           0x08000188     0x51c0
                0x08000188                        . = ALIGN (0x4)
 *(.text)
 .text          0x08000188       0x40 C:/ST/STM32CubeIDE_2.0.0/STM32CubeIDE/plugins/com.st.stm32cube.ide.mcu.externaltools.gnu-tools-for-stm32.13.3.rel1.win32_1.0.100.202509120712/tools/bin/../lib/gcc/arm-none-eabi/13.3.1/thumb/v7e-m+fp/hard/crtbegin.o
 .text          0x080001c8       0x30 C:/ST/STM32CubeIDE_2.0.0/STM32CubeIDE/plugins/com.st.stm32cube.ide.mcu.externaltools.gnu-tools-for-stm32.13.3.rel1.win32_1.0.100.202509120712/tools/bin/../lib/gcc/arm-none-eabi/13.3.1/thumb/v7e-m+fp/hard\libgcc.a(_aeabi_uldivmod.o)
                0x080001c8                __aeabi_uldivmod
 .text          0x080001f8      0x2f8 C:/ST/STM32CubeIDE_2.0.0/STM32CubeIDE/plugins/com.st.stm32cube.ide.mcu.externaltools.gnu-tools-for-stm32.13.3.rel1.win32_1.0.100.202509120712/tools/bin/../lib/gcc/arm-none-eabi/13.3.1/thumb/v7e-m+fp/hard\libgcc.a(_udivmoddi4.o)
                0x080001f8                __udivmoddi4
 .text          0x080004f0        0x4 C:/ST/STM32CubeIDE_2.0.0/STM32CubeIDE/plugins/com.st.stm32cube.ide.mcu.externaltools.gnu-tools-for-stm32.13.3.rel1.win32_1.0.100.202509120712/tools/bin/../lib/gcc/arm-none-eabi/13.3.1/thumb/v7e-m+fp/hard\libgcc.a(_dvmd_tls.o)
                0x080004f0                __aeabi_idiv0
                0x080004f0                __aeabi_ldiv0
 *(.text*)
 .text.main     0x080004f4       0x9c ./Core/Src/main.o
                0x080004f4                main
 .text.SystemClock_Config
                0x08000590       0xc4 ./Core/Src/main.o
                0x08000590                SystemClock_Config
 .text.MX_I2C1_Init
                0x08000654       0x80 ./Core/Src/main.o
 .text.MX_USART2_UART_Init
                0x080006d4       0x60 ./Core/Src/main.o
 .text.MX_GPIO_Init
                0x08000734       0x60 ./Core/Src/main.o
 .text.Error_Handler
                0x08000794        0xc ./Core/Src/main.o
                0x08000794                Error_Handler
 .text.assert_failed
                0x080007a0       0x16 ./Core/Src/main.o
                0x080007a0                assert_failed
 .text.ssd1306_Reset
                0x080007b6        0xe ./Core/Src/ssd1306_Custom.o
                0x080007b6                ssd1306_Reset
 .text.ssd1306_Send_Cmd
                0x080007c4       0x40 ./Core/Src/ssd1306_Custom.o
                0x080007c4                ssd1306_Send_Cmd
 .text.ssd1306_Send_Data_Buff
                0x08000804       0x40 ./Core/Src/ssd1306_Custom.o
                0x08000804                ssd1306_Send_Data_Buff
 .text.ssd1306_SetScreen
                0x08000844       0x84 ./Core/Src/ssd1306_Custom.o
                0x08000844                ssd1306_SetScreen
 .text.ssd1306_ClearBuffer
                0x080008c8       0x18 ./Core/Src/ssd1306_Custom.o
                0x080008c8                ssd1306_ClearBuffer
 .text.ssd1306_UpdateScreen
                0x080008e0       0xb0 ./Core/Src/ssd1306_Custom.o
                0x080008e0                ssd1306_UpdateScreen
 .text.ssd1306_Init
                0x08000990      0x2f0 ./Core/Src/ssd1306_Custom.o
                0x08000990                ssd1306_Init
 .text.ssd1306_DrawPixel
                0x08000c80       0xa8 ./Core/Src/ssd1306_Custom.o
                0x08000c80                ssd1306_DrawPixel
 .text.ssd1306_SetFontCursor
                0x08000d28       0x30 ./Core/Src/ssd1306_Custom.o
                0x08000d28                ssd1306_SetFontCursor
 .text.ssd1306_WriteChar
                0x08000d58      0x108 ./Core/Src/ssd1306_Custom.o
                0x08000d58                ssd1306_WriteChar
 .text.ssd1306_WriteString
                0x08000e60       0x44 ./Core/Src/ssd1306_Custom.o
                0x08000e60                ssd1306_WriteString
 .text.HAL_MspInit
                0x08000ea4       0x48 ./Core/Src/stm32l4xx_hal_msp.o
                0x08000ea4                HAL_MspInit
 .text.HAL_I2C_MspInit
                0x08000eec       0xbc ./Core/Src/stm32l4xx_hal_msp.o
                0x08000eec                HAL_I2C_MspInit
 .text.HAL_UART_MspInit
                0x08000fa8       0xb8 ./Core/Src/stm32l4xx_hal_msp.o
                0x08000fa8                HAL_UART_MspInit
 .text.NMI_Handler
                0x08001060        0x8 ./Core/Src/stm32l4xx_it.o
                0x08001060                NMI_Handler
 .text.HardFault_Handler
                0x08001068        0x8 ./Core/Src/stm32l4xx_it.o
                0x08001068                HardFault_Handler
 .text.MemManage_Handler
                0x08001070        0x8 ./Core/Src/stm32l4xx_it.o
                0x08001070                MemManage_Handler
 .text.BusFault_Handler
                0x08001078        0x8 ./Core/Src/stm32l4xx_it.o
                0x08001078                BusFault_Handler
 .text.UsageFault_Handler
                0x08001080        0x8 ./Core/Src/stm32l4xx_it.o
                0x08001080                UsageFault_Handler
 .text.SVC_Handler
                0x08001088        0xe ./Core/Src/stm32l4xx_it.o
                0x08001088                SVC_Handler
 .text.DebugMon_Handler
                0x08001096        0xe ./Core/Src/stm32l4xx_it.o
                0x08001096                DebugMon_Handler
 .text.PendSV_Handler
                0x080010a4        0xe ./Core/Src/stm32l4xx_it.o
                0x080010a4                PendSV_Handler
 .text.SysTick_Handler
                0x080010b2        0xc ./Core/Src/stm32l4xx_it.o
                0x080010b2                SysTick_Handler
 *fill*         0x080010be        0x2 
 .text.SystemInit
                0x080010c0       0x24 ./Core/Src/system_stm32l4xx.o
                0x080010c0                SystemInit
 .text.Reset_Handler
                0x080010e4       0x50 ./Core/Startup/startup_stm32l476rgtx.o
                0x080010e4                Reset_Handler
 .text.Default_Handler
                0x08001134        0x2 ./Core/Startup/startup_stm32l476rgtx.o
                0x08001134                RTC_Alarm_IRQHandler
                0x08001134                EXTI2_IRQHandler
                0x08001134                TIM8_TRG_COM_IRQHandler
                0x08001134                TIM8_CC_IRQHandler
                0x08001134                TIM1_CC_IRQHandler
                0x08001134                TSC_IRQHandler
                0x08001134                TAMP_STAMP_IRQHandler
                0x08001134                EXTI3_IRQHandler
                0x08001134                LPTIM2_IRQHandler
                0x08001134                DFSDM1_FLT1_IRQHandler
                0x08001134                I2C3_ER_IRQHandler
                0x08001134                DFSDM1_FLT2_IRQHandler
                0x08001134                EXTI0_IRQHandler
                0x08001134                I2C2_EV_IRQHandler
                0x08001134                CAN1_RX0_IRQHandler
                0x08001134                FPU_IRQHandler
                0x08001134                TIM1_UP_TIM16_IRQHandler
                0x08001134                ADC1_2_IRQHandler
                0x08001134                SPI1_IRQHandler
                0x08001134                TIM6_DAC_IRQHandler
                0x08001134                TIM8_UP_IRQHandler
                0x08001134                DMA2_Channel2_IRQHandler
                0x08001134                DMA1_Channel4_IRQHandler
                0x08001134                SAI2_IRQHandler
                0x08001134                DFSDM1_FLT3_IRQHandler
                0x08001134                USART3_IRQHandler
                0x08001134                DMA1_Channel7_IRQHandler
                0x08001134                CAN1_RX1_IRQHandler
                0x08001134                LCD_IRQHandler
                0x08001134                UART5_IRQHandler
                0x08001134                ADC3_IRQHandler
                0x08001134                TIM4_IRQHandler
                0x08001134                DMA2_Channel1_IRQHandler
                0x08001134                QUADSPI_IRQHandler
                0x08001134                I2C1_EV_IRQHandler
                0x08001134                DMA1_Channel6_IRQHandler
                0x08001134                UART4_IRQHandler
                0x08001134                DMA2_Channel4_IRQHandler
                0x08001134                TIM3_IRQHandler
                0x08001134                RCC_IRQHandler
                0x08001134                DMA1_Channel1_IRQHandler
                0x08001134                Default_Handler
                0x08001134                DMA2_Channel7_IRQHandler
                0x08001134                EXTI15_10_IRQHandler
                0x08001134                TIM7_IRQHandler
                0x08001134                SDMMC1_IRQHandler
                0x08001134                TIM5_IRQHandler
                0x08001134                I2C3_EV_IRQHandler
                0x08001134                EXTI9_5_IRQHandler
                0x08001134                RTC_WKUP_IRQHandler
                0x08001134                PVD_PVM_IRQHandler
                0x08001134                SPI2_IRQHandler
                0x08001134                CAN1_TX_IRQHandler
                0x08001134                DMA2_Channel5_IRQHandler
                0x08001134                DMA1_Channel5_IRQHandler
                0x08001134                EXTI4_IRQHandler
                0x08001134                RNG_IRQHandler
                0x08001134                TIM1_TRG_COM_TIM17_IRQHandler
                0x08001134                DMA1_Channel3_IRQHandler
                0x08001134                COMP_IRQHandler
                0x08001134                WWDG_IRQHandler
                0x08001134                LPUART1_IRQHandler
                0x08001134                DMA2_Channel6_IRQHandler
                0x08001134                TIM2_IRQHandler
                0x08001134                EXTI1_IRQHandler
                0x08001134                USART2_IRQHandler
                0x08001134                DFSDM1_FLT0_IRQHandler
                0x08001134                I2C2_ER_IRQHandler
                0x08001134                DMA1_Channel2_IRQHandler
                0x08001134                TIM8_BRK_IRQHandler
                0x08001134                CAN1_SCE_IRQHandler
                0x08001134                FLASH_IRQHandler
                0x08001134                USART1_IRQHandler
                0x08001134                OTG_FS_IRQHandler
                0x08001134                SPI3_IRQHandler
                0x08001134                I2C1_ER_IRQHandler
                0x08001134                FMC_IRQHandler
                0x08001134                SWPMI1_IRQHandler
                0x08001134                LPTIM1_IRQHandler
                0x08001134                SAI1_IRQHandler
                0x08001134                DMA2_Channel3_IRQHandler
                0x08001134                TIM1_BRK_TIM15_IRQHandler
 .text.HAL_Init
                0x08001136       0x30 ./Drivers/STM32L4xx_HAL_Driver/Src/stm32l4xx_hal.o
                0x08001136                HAL_Init
 *fill*         0x08001166        0x2 
 .text.HAL_InitTick
                0x08001168       0x78 ./Drivers/STM32L4xx_HAL_Driver/Src/stm32l4xx_hal.o
                0x08001168                HAL_InitTick
 .text.HAL_IncTick
                0x080011e0       0x28 ./Drivers/STM32L4xx_HAL_Driver/Src/stm32l4xx_hal.o
                0x080011e0                HAL_IncTick
 .text.HAL_GetTick
                0x08001208       0x18 ./Drivers/STM32L4xx_HAL_Driver/Src/stm32l4xx_hal.o
                0x08001208                HAL_GetTick
 .text.HAL_Delay
                0x08001220       0x48 ./Drivers/STM32L4xx_HAL_Driver/Src/stm32l4xx_hal.o
                0x08001220                HAL_Delay
 .text.__NVIC_SetPriorityGrouping
                0x08001268       0x48 ./Drivers/STM32L4xx_HAL_Driver/Src/stm32l4xx_hal_cortex.o
 .text.__NVIC_GetPriorityGrouping
                0x080012b0       0x1c ./Drivers/STM32L4xx_HAL_Driver/Src/stm32l4xx_hal_cortex.o
 .text.__NVIC_SetPriority
                0x080012cc       0x54 ./Drivers/STM32L4xx_HAL_Driver/Src/stm32l4xx_hal_cortex.o
 .text.NVIC_EncodePriority
                0x08001320       0x66 ./Drivers/STM32L4xx_HAL_Driver/Src/stm32l4xx_hal_cortex.o
 *fill*         0x08001386        0x2 
 .text.SysTick_Config
                0x08001388       0x44 ./Drivers/STM32L4xx_HAL_Driver/Src/stm32l4xx_hal_cortex.o
 .text.HAL_NVIC_SetPriorityGrouping
                0x080013cc       0x40 ./Drivers/STM32L4xx_HAL_Driver/Src/stm32l4xx_hal_cortex.o
                0x080013cc                HAL_NVIC_SetPriorityGrouping
 .text.HAL_NVIC_SetPriority
                0x0800140c       0x58 ./Drivers/STM32L4xx_HAL_Driver/Src/stm32l4xx_hal_cortex.o
                0x0800140c                HAL_NVIC_SetPriority
 .text.HAL_SYSTICK_Config
                0x08001464       0x18 ./Drivers/STM32L4xx_HAL_Driver/Src/stm32l4xx_hal_cortex.o
                0x08001464                HAL_SYSTICK_Config
 .text.HAL_GPIO_Init
                0x0800147c      0x518 ./Drivers/STM32L4xx_HAL_Driver/Src/stm32l4xx_hal_gpio.o
                0x0800147c                HAL_GPIO_Init
 .text.HAL_I2C_Init
                0x08001994      0x24c ./Drivers/STM32L4xx_HAL_Driver/Src/stm32l4xx_hal_i2c.o
                0x08001994                HAL_I2C_Init
 .text.HAL_I2C_Mem_Write
                0x08001be0      0x244 ./Drivers/STM32L4xx_HAL_Driver/Src/stm32l4xx_hal_i2c.o
                0x08001be0                HAL_I2C_Mem_Write
 .text.I2C_RequestMemoryWrite
                0x08001e24       0xa8 ./Drivers/STM32L4xx_HAL_Driver/Src/stm32l4xx_hal_i2c.o
 .text.I2C_Flush_TXDR
                0x08001ecc       0x48 ./Drivers/STM32L4xx_HAL_Driver/Src/stm32l4xx_hal_i2c.o
 .text.I2C_WaitOnFlagUntilTimeout
                0x08001f14       0xb2 ./Drivers/STM32L4xx_HAL_Driver/Src/stm32l4xx_hal_i2c.o
 .text.I2C_WaitOnTXISFlagUntilTimeout
                0x08001fc6       0x8e ./Drivers/STM32L4xx_HAL_Driver/Src/stm32l4xx_hal_i2c.o
 .text.I2C_WaitOnSTOPFlagUntilTimeout
                0x08002054       0x86 ./Drivers/STM32L4xx_HAL_Driver/Src/stm32l4xx_hal_i2c.o
 *fill*         0x080020da        0x2 
 .text.I2C_IsErrorOccurred
                0x080020dc      0x1c0 ./Drivers/STM32L4xx_HAL_Driver/Src/stm32l4xx_hal_i2c.o
 .text.I2C_TransferConfig
                0x0800229c       0xec ./Drivers/STM32L4xx_HAL_Driver/Src/stm32l4xx_hal_i2c.o
 .text.HAL_I2CEx_ConfigAnalogFilter
                0x08002388       0xe0 ./Drivers/STM32L4xx_HAL_Driver/Src/stm32l4xx_hal_i2c_ex.o
                0x08002388                HAL_I2CEx_ConfigAnalogFilter
 .text.HAL_I2CEx_ConfigDigitalFilter
                0x08002468       0xd8 ./Drivers/STM32L4xx_HAL_Driver/Src/stm32l4xx_hal_i2c_ex.o
                0x08002468                HAL_I2CEx_ConfigDigitalFilter
 .text.HAL_PWR_EnableBkUpAccess
                0x08002540       0x20 ./Drivers/STM32L4xx_HAL_Driver/Src/stm32l4xx_hal_pwr.o
                0x08002540                HAL_PWR_EnableBkUpAccess
 .text.HAL_PWREx_GetVoltageRange
                0x08002560       0x1c ./Drivers/STM32L4xx_HAL_Driver/Src/stm32l4xx_hal_pwr_ex.o
                0x08002560                HAL_PWREx_GetVoltageRange
 .text.HAL_PWREx_ControlVoltageScaling
                0x0800257c       0xc4 ./Drivers/STM32L4xx_HAL_Driver/Src/stm32l4xx_hal_pwr_ex.o
                0x0800257c                HAL_PWREx_ControlVoltageScaling
 .text.HAL_RCC_OscConfig
                0x08002640      0xa04 ./Drivers/STM32L4xx_HAL_Driver/Src/stm32l4xx_hal_rcc.o
                0x08002640                HAL_RCC_OscConfig
 .text.HAL_RCC_ClockConfig
                0x08003044      0x340 ./Drivers/STM32L4xx_HAL_Driver/Src/stm32l4xx_hal_rcc.o
                0x08003044                HAL_RCC_ClockConfig
 .text.HAL_RCC_GetSysClockFreq
                0x08003384      0x118 ./Drivers/STM32L4xx_HAL_Driver/Src/stm32l4xx_hal_rcc.o
                0x08003384                HAL_RCC_GetSysClockFreq
 .text.HAL_RCC_GetHCLKFreq
                0x0800349c       0x18 ./Drivers/STM32L4xx_HAL_Driver/Src/stm32l4xx_hal_rcc.o
                0x0800349c                HAL_RCC_GetHCLKFreq
 .text.HAL_RCC_GetPCLK1Freq
                0x080034b4       0x2c ./Drivers/STM32L4xx_HAL_Driver/Src/stm32l4xx_hal_rcc.o
                0x080034b4                HAL_RCC_GetPCLK1Freq
 .text.HAL_RCC_GetPCLK2Freq
                0x080034e0       0x2c ./Drivers/STM32L4xx_HAL_Driver/Src/stm32l4xx_hal_rcc.o
                0x080034e0                HAL_RCC_GetPCLK2Freq
 .text.RCC_SetFlashLatencyFromMSIRange
                0x0800350c       0xc0 ./Drivers/STM32L4xx_HAL_Driver/Src/stm32l4xx_hal_rcc.o
 .text.HAL_RCCEx_PeriphCLKConfig
                0x080035cc      0x97c ./Drivers/STM32L4xx_HAL_Driver/Src/stm32l4xx_hal_rcc_ex.o
                0x080035cc                HAL_RCCEx_PeriphCLKConfig
 .text.HAL_RCCEx_EnableMSIPLLMode
                0x08003f48       0x20 ./Drivers/STM32L4xx_HAL_Driver/Src/stm32l4xx_hal_rcc_ex.o
                0x08003f48                HAL_RCCEx_EnableMSIPLLMode
 .text.RCCEx_PLLSAI1_Config
                0x08003f68      0x300 ./Drivers/STM32L4xx_HAL_Driver/Src/stm32l4xx_hal_rcc_ex.o
 .text.RCCEx_PLLSAI2_Config
                0x08004268      0x294 ./Drivers/STM32L4xx_HAL_Driver/Src/stm32l4xx_hal_rcc_ex.o
 .text.HAL_UART_Init
                0x080044fc      0x150 ./Drivers/STM32L4xx_HAL_Driver/Src/stm32l4xx_hal_uart.o
                0x080044fc                HAL_UART_Init
 .text.UART_SetConfig
                0x0800464c      0x6bc ./Drivers/STM32L4xx_HAL_Driver/Src/stm32l4xx_hal_uart.o
                0x0800464c                UART_SetConfig
 .text.UART_AdvFeatureConfig
                0x08004d08      0x2c0 ./Drivers/STM32L4xx_HAL_Driver/Src/stm32l4xx_hal_uart.o
                0x08004d08                UART_AdvFeatureConfig
 .text.UART_CheckIdleState
                0x08004fc8      0x150 ./Drivers/STM32L4xx_HAL_Driver/Src/stm32l4xx_hal_uart.o
                0x08004fc8                UART_CheckIdleState
 .text.UART_WaitOnFlagUntilTimeout
                0x08005118       0xda ./Drivers/STM32L4xx_HAL_Driver/Src/stm32l4xx_hal_uart.o
                0x08005118                UART_WaitOnFlagUntilTimeout
 .text.UART_EndRxTransfer
                0x080051f2       0xc8 ./Drivers/STM32L4xx_HAL_Driver/Src/stm32l4xx_hal_uart.o
 .text.memset   0x080052ba       0x10 C:/ST/STM32CubeIDE_2.0.0/STM32CubeIDE/plugins/com.st.stm32cube.ide.mcu.externaltools.gnu-tools-for-stm32.13.3.rel1.win32_1.0.100.202509120712/tools/bin/../lib/gcc/arm-none-eabi/13.3.1/../../../../arm-none-eabi/lib/thumb/v7e-m+fp/hard\libc_nano.a(libc_a-memset.o)
                0x080052ba                memset
 *fill*         0x080052ca        0x2 
 .text.__libc_init_array
                0x080052cc       0x48 C:/ST/STM32CubeIDE_2.0.0/STM32CubeIDE/plugins/com.st.stm32cube.ide.mcu.externaltools.gnu-tools-for-stm32.13.3.rel1.win32_1.0.100.202509120712/tools/bin/../lib/gcc/arm-none-eabi/13.3.1/../../../../arm-none-eabi/lib/thumb/v7e-m+fp/hard\libc_nano.a(libc_a-init.o)
                0x080052cc                __libc_init_array
 .text.memcpy   0x08005314       0x1c C:/ST/STM32CubeIDE_2.0.0/STM32CubeIDE/plugins/com.st.stm32cube.ide.mcu.externaltools.gnu-tools-for-stm32.13.3.rel1.win32_1.0.100.202509120712/tools/bin/../lib/gcc/arm-none-eabi/13.3.1/../../../../arm-none-eabi/lib/thumb/v7e-m+fp/hard\libc_nano.a(libc_a-memcpy-stub.o)
                0x08005314                memcpy
 *(.glue_7)
 .glue_7        0x08005330        0x0 linker stubs
 *(.glue_7t)
 .glue_7t       0x08005330        0x0 linker stubs
 *(.eh_frame)
 .eh_frame      0x08005330        0x0 C:/ST/STM32CubeIDE_2.0.0/STM32CubeIDE/plugins/com.st.stm32cube.ide.mcu.externaltools.gnu-tools-for-stm32.13.3.rel1.win32_1.0.100.202509120712/tools/bin/../lib/gcc/arm-none-eabi/13.3.1/thumb/v7e-m+fp/hard/crtbegin.o
 *(.init)
 .init          0x08005330        0x4 C:/ST/STM32CubeIDE_2.0.0/STM32CubeIDE/plugins/com.st.stm32cube.ide.mcu.externaltools.gnu-tools-for-stm32.13.3.rel1.win32_1.0.100.202509120712/tools/bin/../lib/gcc/arm-none-eabi/13.3.1/thumb/v7e-m+fp/hard/crti.o
                0x08005330                _init
 .init          0x08005334        0x8 C:/ST/STM32CubeIDE_2.0.0/STM32CubeIDE/plugins/com.st.stm32cube.ide.mcu.externaltools.gnu-tools-for-stm32.13.3.rel1.win32_1.0.100.202509120712/tools/bin/../lib/gcc/arm-none-eabi/13.3.1/thumb/v7e-m+fp/hard/crtn.o
 *(.fini)
 .fini          0x0800533c        0x4 C:/ST/STM32CubeIDE_2.0.0/STM32CubeIDE/plugins/com.st.stm32cube.ide.mcu.externaltools.gnu-tools-for-stm32.13.3.rel1.win32_1.0.100.202509120712/tools/bin/../lib/gcc/arm-none-eabi/13.3.1/thumb/v7e-m+fp/hard/crti.o
                0x0800533c                _fini
 .fini          0x08005340        0x8 C:/ST/STM32CubeIDE_2.0.0/STM32CubeIDE/plugins/com.st.stm32cube.ide.mcu.externaltools.gnu-tools-for-stm32.13.3.rel1.win32_1.0.100.202509120712/tools/bin/../lib/gcc/arm-none-eabi/13.3.1/thumb/v7e-m+fp/hard/crtn.o
                0x08005348                        . = ALIGN (0x4)
                0x08005348                        _etext = .

.vfp11_veneer   0x08005348        0x0
 .vfp11_veneer  0x08005348        0x0 linker stubs

.v4_bx          0x08005348        0x0
 .v4_bx         0x08005348        0x0 linker stubs

.iplt           0x08005348        0x0
 .iplt          0x08005348        0x0 C:/ST/STM32CubeIDE_2.0.0/STM32CubeIDE/plugins/com.st.stm32cube.ide.mcu.externaltools.gnu-tools-for-stm32.13.3.rel1.win32_1.0.100.202509120712/tools/bin/../lib/gcc/arm-none-eabi/13.3.1/thumb/v7e-m+fp/hard/crtbegin.o

.rodata         0x08005348      0x9b0
                0x08005348                        . = ALIGN (0x4)
 *(.rodata)
 .rodata        0x08005348       0x16 ./Core/Src/main.o
 *fill*         0x0800535e        0x2 
 .rodata        0x08005360       0x3b ./Drivers/STM32L4xx_HAL_Driver/Src/stm32l4xx_hal_cortex.o
 *fill*         0x0800539b        0x1 
 .rodata        0x0800539c       0x39 ./Drivers/STM32L4xx_HAL_Driver/Src/stm32l4xx_hal_gpio.o
 *fill*         0x080053d5        0x3 
 .rodata        0x080053d8       0x38 ./Drivers/STM32L4xx_HAL_Driver/Src/stm32l4xx_hal_i2c.o
 .rodata        0x08005410       0x3b ./Drivers/STM32L4xx_HAL_Driver/Src/stm32l4xx_hal_i2c_ex.o
 *fill*         0x0800544b        0x1 
 .rodata        0x0800544c       0x3b ./Drivers/STM32L4xx_HAL_Driver/Src/stm32l4xx_hal_pwr_ex.o
 *fill*         0x08005487        0x1 
 .rodata        0x08005488       0x38 ./Drivers/STM32L4xx_HAL_Driver/Src/stm32l4xx_hal_rcc.o
 .rodata        0x080054c0       0x3b ./Drivers/STM32L4xx_HAL_Driver/Src/stm32l4xx_hal_rcc_ex.o
 *fill*         0x080054fb        0x1 
 .rodata        0x080054fc       0x39 ./Drivers/STM32L4xx_HAL_Driver/Src/stm32l4xx_hal_uart.o
 *(.rodata*)
 *fill*         0x08005535        0x3 
 .rodata.Font7x10
                0x08005538      0x76c ./Core/Src/ssd1306_fonts_Custom.o
 .rodata.Font_7x10
                0x08005ca4        0xc ./Core/Src/ssd1306_fonts_Custom.o
                0x08005ca4                Font_7x10
 .rodata.AHBPrescTable
                0x08005cb0       0x10 ./Core/Src/system_stm32l4xx.o
                0x08005cb0                AHBPrescTable
 .rodata.APBPrescTable
                0x08005cc0        0x8 ./Core/Src/system_stm32l4xx.o
                0x08005cc0                APBPrescTable
 .rodata.MSIRangeTable
                0x08005cc8       0x30 ./Core/Src/system_stm32l4xx.o
                0x08005cc8                MSIRangeTable
                0x08005cf8                        . = ALIGN (0x4)

.ARM.extab      0x08005cf8        0x0
                0x08005cf8                        . = ALIGN (0x4)
 *(.ARM.extab* .gnu.linkonce.armextab.*)
                0x08005cf8                        . = ALIGN (0x4)

.ARM            0x08005cf8        0x8
                0x08005cf8                        . = ALIGN (0x4)
                0x08005cf8                        __exidx_start = .
 *(.ARM.exidx*)
 .ARM.exidx     0x08005cf8        0x8 C:/ST/STM32CubeIDE_2.0.0/STM32CubeIDE/plugins/com.st.stm32cube.ide.mcu.externaltools.gnu-tools-for-stm32.13.3.rel1.win32_1.0.100.202509120712/tools/bin/../lib/gcc/arm-none-eabi/13.3.1/thumb/v7e-m+fp/hard\libgcc.a(_udivmoddi4.o)
                0x08005d00                        __exidx_end = .
                0x08005d00                        . = ALIGN (0x4)

.preinit_array  0x08005d00        0x0
                0x08005d00                        . = ALIGN (0x4)
                0x08005d00                        PROVIDE (__preinit_array_start = .)
 *(.preinit_array*)
                0x08005d00                        PROVIDE (__preinit_array_end = .)
                0x08005d00                        . = ALIGN (0x4)

.init_array     0x08005d00        0x4
                0x08005d00                        . = ALIGN (0x4)
                0x08005d00                        PROVIDE (__init_array_start = .)
 *(SORT_BY_NAME(.init_array.*))
 *(.init_array*)
 .init_array    0x08005d00        0x4 C:/ST/STM32CubeIDE_2.0.0/STM32CubeIDE/plugins/com.st.stm32cube.ide.mcu.externaltools.gnu-tools-for-stm32.13.3.rel1.win32_1.0.100.202509120712/tools/bin/../lib/gcc/arm-none-eabi/13.3.1/thumb/v7e-m+fp/hard/crtbegin.o
                0x08005d04                        PROVIDE (__init_array_end = .)
                0x08005d04                        . = ALIGN (0x4)

.fini_array     0x08005d04        0x4
                0x08005d04                        . = ALIGN (0x4)
                [!provide]                        PROVIDE (__fini_array_start = .)
 *(SORT_BY_NAME(.fini_array.*))
 *(.fini_array*)
 .fini_array    0x08005d04        0x4 C:/ST/STM32CubeIDE_2.0.0/STM32CubeIDE/plugins/com.st.stm32cube.ide.mcu.externaltools.gnu-tools-for-stm32.13.3.rel1.win32_1.0.100.202509120712/tools/bin/../lib/gcc/arm-none-eabi/13.3.1/thumb/v7e-m+fp/hard/crtbegin.o
                [!provide]                        PROVIDE (__fini_array_end = .)
                0x08005d08                        . = ALIGN (0x4)
                0x08005d08                        _sidata = LOADADDR (.data)

.rel.dyn        0x08005d08        0x0
 .rel.iplt      0x08005d08        0x0 C:/ST/STM32CubeIDE_2.0.0/STM32CubeIDE/plugins/com.st.stm32cube.ide.mcu.externaltools.gnu-tools-for-stm32.13.3.rel1.win32_1.0.100.202509120712/tools/bin/../lib/gcc/arm-none-eabi/13.3.1/thumb/v7e-m+fp/hard/crtbegin.o

.data           0x20000000        0xc load address 0x08005d08
                0x20000000                        . = ALIGN (0x4)
                0x20000000                        _sdata = .
 *(.data)
 *(.data*)
 .data.SystemCoreClock
                0x20000000        0x4 ./Core/Src/system_stm32l4xx.o
                0x20000000                SystemCoreClock
 .data.uwTickPrio
                0x20000004        0x4 ./Drivers/STM32L4xx_HAL_Driver/Src/stm32l4xx_hal.o
                0x20000004                uwTickPrio
 .data.uwTickFreq
                0x20000008        0x1 ./Drivers/STM32L4xx_HAL_Driver/Src/stm32l4xx_hal.o
                0x20000008                uwTickFreq
 *(.RamFunc)
 *(.RamFunc*)
                0x2000000c                        . = ALIGN (0x4)
 *fill*         0x20000009        0x3 
                0x2000000c                        _edata = .

.igot.plt       0x2000000c        0x0 load address 0x08005d14
 .igot.plt      0x2000000c        0x0 C:/ST/STM32CubeIDE_2.0.0/STM32CubeIDE/plugins/com.st.stm32cube.ide.mcu.externaltools.gnu-tools-for-stm32.13.3.rel1.win32_1.0.100.202509120712/tools/bin/../lib/gcc/arm-none-eabi/13.3.1/thumb/v7e-m+fp/hard/crtbegin.o
                0x2000000c                        . = ALIGN (0x4)

.bss            0x2000000c      0x504 load address 0x08005d14
                0x2000000c                        _sbss = .
                0x2000000c                        __bss_start__ = _sbss
 *(.bss)
 .bss           0x2000000c       0x1c C:/ST/STM32CubeIDE_2.0.0/STM32CubeIDE/plugins/com.st.stm32cube.ide.mcu.externaltools.gnu-tools-for-stm32.13.3.rel1.win32_1.0.100.202509120712/tools/bin/../lib/gcc/arm-none-eabi/13.3.1/thumb/v7e-m+fp/hard/crtbegin.o
 *(.bss*)
 .bss.hi2c1     0x20000028       0x54 ./Core/Src/main.o
                0x20000028                hi2c1
 .bss.huart2    0x2000007c       0x88 ./Core/Src/main.o
                0x2000007c                huart2
 .bss.ssd1306_Screen_Buff_Arr_Inst
                0x20000104      0x400 ./Core/Src/ssd1306_Custom.o
 .bss.ssd1306_Transform_Inst
                0x20000504        0x6 ./Core/Src/ssd1306_Custom.o
 *fill*         0x2000050a        0x2 
 .bss.uwTick    0x2000050c        0x4 ./Drivers/STM32L4xx_HAL_Driver/Src/stm32l4xx_hal.o
                0x2000050c                uwTick
 *(COMMON)
                0x20000510                        . = ALIGN (0x4)
                0x20000510                        _ebss = .
                0x20000510                        __bss_end__ = _ebss

._user_heap_stack
                0x20000510      0x600 load address 0x08005d14
                0x20000510                        . = ALIGN (0x8)
                [!provide]                        PROVIDE (end = .)
                0x20000510                        PROVIDE (_end = .)
                0x20000710                        . = (. + _Min_Heap_Size)
 *fill*         0x20000510      0x200 
                0x20000b10                        . = (. + _Min_Stack_Size)
 *fill*         0x20000710      0x400 
                0x20000b10                        . = ALIGN (0x8)

/DISCARD/
 libc.a(*)
 libm.a(*)
 libgcc.a(*)

.ARM.attributes
                0x00000000       0x30
 *(.ARM.attributes)
 .ARM.attributes
                0x00000000       0x22 C:/ST/STM32CubeIDE_2.0.0/STM32CubeIDE/plugins/com.st.stm32cube.ide.mcu.externaltools.gnu-tools-for-stm32.13.3.rel1.win32_1.0.100.202509120712/tools/bin/../lib/gcc/arm-none-eabi/13.3.1/thumb/v7e-m+fp/hard/crti.o
 .ARM.attributes
                0x00000022       0x34 C:/ST/STM32CubeIDE_2.0.0/STM32CubeIDE/plugins/com.st.stm32cube.ide.mcu.externaltools.gnu-tools-for-stm32.13.3.rel1.win32_1.0.100.202509120712/tools/bin/../lib/gcc/arm-none-eabi/13.3.1/thumb/v7e-m+fp/hard/crtbegin.o
 .ARM.attributes
                0x00000056       0x34 ./Core/Src/main.o
 .ARM.attributes
                0x0000008a       0x34 ./Core/Src/ssd1306_Custom.o
 .ARM.attributes
                0x000000be       0x34 ./Core/Src/ssd1306_fonts_Custom.o
 .ARM.attributes
                0x000000f2       0x34 ./Core/Src/stm32l4xx_hal_msp.o
 .ARM.attributes
                0x00000126       0x34 ./Core/Src/stm32l4xx_it.o
 .ARM.attributes
                0x0000015a       0x34 ./Core/Src/system_stm32l4xx.o
 .ARM.attributes
                0x0000018e       0x21 ./Core/Startup/startup_stm32l476rgtx.o
 .ARM.attributes
                0x000001af       0x34 ./Drivers/STM32L4xx_HAL_Driver/Src/stm32l4xx_hal.o
 .ARM.attributes
                0x000001e3       0x34 ./Drivers/STM32L4xx_HAL_Driver/Src/stm32l4xx_hal_cortex.o
 .ARM.attributes
                0x00000217       0x34 ./Drivers/STM32L4xx_HAL_Driver/Src/stm32l4xx_hal_gpio.o
 .ARM.attributes
                0x0000024b       0x34 ./Drivers/STM32L4xx_HAL_Driver/Src/stm32l4xx_hal_i2c.o
 .ARM.attributes
                0x0000027f       0x34 ./Drivers/STM32L4xx_HAL_Driver/Src/stm32l4xx_hal_i2c_ex.o
 .ARM.attributes
                0x000002b3       0x34 ./Drivers/STM32L4xx_HAL_Driver/Src/stm32l4xx_hal_pwr.o
 .ARM.attributes
                0x000002e7       0x34 ./Drivers/STM32L4xx_HAL_Driver/Src/stm32l4xx_hal_pwr_ex.o
 .ARM.attributes
                0x0000031b       0x34 ./Drivers/STM32L4xx_HAL_Driver/Src/stm32l4xx_hal_rcc.o
 .ARM.attributes
                0x0000034f       0x34 ./Drivers/STM32L4xx_HAL_Driver/Src/stm32l4xx_hal_rcc_ex.o
 .ARM.attributes
                0x00000383       0x34 ./Drivers/STM32L4xx_HAL_Driver/Src/stm32l4xx_hal_uart.o
 .ARM.attributes
                0x000003b7       0x34 C:/ST/STM32CubeIDE_2.0.0/STM32CubeIDE/plugins/com.st.stm32cube.ide.mcu.externaltools.gnu-tools-for-stm32.13.3.rel1.win32_1.0.100.202509120712/tools/bin/../lib/gcc/arm-none-eabi/13.3.1/../../../../arm-none-eabi/lib/thumb/v7e-m+fp/hard\libc_nano.a(libc_a-memset.o)
 .ARM.attributes
                0x000003eb       0x34 C:/ST/STM32CubeIDE_2.0.0/STM32CubeIDE/plugins/com.st.stm32cube.ide.mcu.externaltools.gnu-tools-for-stm32.13.3.rel1.win32_1.0.100.202509120712/tools/bin/../lib/gcc/arm-none-eabi/13.3.1/../../../../arm-none-eabi/lib/thumb/v7e-m+fp/hard\libc_nano.a(libc_a-init.o)
 .ARM.attributes
                0x0000041f       0x34 C:/ST/STM32CubeIDE_2.0.0/STM32CubeIDE/plugins/com.st.stm32cube.ide.mcu.externaltools.gnu-tools-for-stm32.13.3.rel1.win32_1.0.100.202509120712/tools/bin/../lib/gcc/arm-none-eabi/13.3.1/../../../../arm-none-eabi/lib/thumb/v7e-m+fp/hard\libc_nano.a(libc_a-memcpy-stub.o)
 .ARM.attributes
                0x00000453       0x22 C:/ST/STM32CubeIDE_2.0.0/STM32CubeIDE/plugins/com.st.stm32cube.ide.mcu.externaltools.gnu-tools-for-stm32.13.3.rel1.win32_1.0.100.202509120712/tools/bin/../lib/gcc/arm-none-eabi/13.3.1/thumb/v7e-m+fp/hard\libgcc.a(_aeabi_uldivmod.o)
 .ARM.attributes
                0x00000475       0x34 C:/ST/STM32CubeIDE_2.0.0/STM32CubeIDE/plugins/com.st.stm32cube.ide.mcu.externaltools.gnu-tools-for-stm32.13.3.rel1.win32_1.0.100.202509120712/tools/bin/../lib/gcc/arm-none-eabi/13.3.1/thumb/v7e-m+fp/hard\libgcc.a(_udivmoddi4.o)
 .ARM.attributes
                0x000004a9       0x22 C:/ST/STM32CubeIDE_2.0.0/STM32CubeIDE/plugins/com.st.stm32cube.ide.mcu.externaltools.gnu-tools-for-stm32.13.3.rel1.win32_1.0.100.202509120712/tools/bin/../lib/gcc/arm-none-eabi/13.3.1/thumb/v7e-m+fp/hard\libgcc.a(_dvmd_tls.o)
 .ARM.attributes
                0x000004cb       0x22 C:/ST/STM32CubeIDE_2.0.0/STM32CubeIDE/plugins/com.st.stm32cube.ide.mcu.externaltools.gnu-tools-for-stm32.13.3.rel1.win32_1.0.100.202509120712/tools/bin/../lib/gcc/arm-none-eabi/13.3.1/thumb/v7e-m+fp/hard/crtn.o
OUTPUT(DiceRoller_NUCLEO_L476RG_Project.elf elf32-littlearm)
LOAD linker stubs
LOAD C:/ST/STM32CubeIDE_2.0.0/STM32CubeIDE/plugins/com.st.stm32cube.ide.mcu.externaltools.gnu-tools-for-stm32.13.3.rel1.win32_1.0.100.202509120712/tools/bin/../lib/gcc/arm-none-eabi/13.3.1/../../../../arm-none-eabi/lib/thumb/v7e-m+fp/hard\libc.a
LOAD C:/ST/STM32CubeIDE_2.0.0/STM32CubeIDE/plugins/com.st.stm32cube.ide.mcu.externaltools.gnu-tools-for-stm32.13.3.rel1.win32_1.0.100.202509120712/tools/bin/../lib/gcc/arm-none-eabi/13.3.1/../../../../arm-none-eabi/lib/thumb/v7e-m+fp/hard\libm.a
LOAD C:/ST/STM32CubeIDE_2.0.0/STM32CubeIDE/plugins/com.st.stm32cube.ide.mcu.externaltools.gnu-tools-for-stm32.13.3.rel1.win32_1.0.100.202509120712/tools/bin/../lib/gcc/arm-none-eabi/13.3.1/thumb/v7e-m+fp/hard\libgcc.a

.debug_info     0x00000000     0xeaac
 .debug_info    0x00000000     0x104a ./Core/Src/main.o
 .debug_info    0x0000104a      0xb09 ./Core/Src/ssd1306_Custom.o
 .debug_info    0x00001b53      0x1ed ./Core/Src/ssd1306_fonts_Custom.o
 .debug_info    0x00001d40     0x1083 ./Core/Src/stm32l4xx_hal_msp.o
 .debug_info    0x00002dc3      0x157 ./Core/Src/stm32l4xx_it.o
 .debug_info    0x00002f1a      0x5e2 ./Core/Src/system_stm32l4xx.o
 .debug_info    0x000034fc       0x30 ./Core/Startup/startup_stm32l476rgtx.o
 .debug_info    0x0000352c      0xb51 ./Drivers/STM32L4xx_HAL_Driver/Src/stm32l4xx_hal.o
 .debug_info    0x0000407d      0xde2 ./Drivers/STM32L4xx_HAL_Driver/Src/stm32l4xx_hal_cortex.o
 .debug_info    0x00004e5f      0x7b8 ./Drivers/STM32L4xx_HAL_Driver/Src/stm32l4xx_hal_gpio.o
 .debug_info    0x00005617     0x2114 ./Drivers/STM32L4xx_HAL_Driver/Src/stm32l4xx_hal_i2c.o
 .debug_info    0x0000772b      0x9b7 ./Drivers/STM32L4xx_HAL_Driver/Src/stm32l4xx_hal_i2c_ex.o
 .debug_info    0x000080e2      0x96a ./Drivers/STM32L4xx_HAL_Driver/Src/stm32l4xx_hal_pwr.o
 .debug_info    0x00008a4c      0x9e8 ./Drivers/STM32L4xx_HAL_Driver/Src/stm32l4xx_hal_pwr_ex.o
 .debug_info    0x00009434      0xc60 ./Drivers/STM32L4xx_HAL_Driver/Src/stm32l4xx_hal_rcc.o
 .debug_info    0x0000a094      0xe77 ./Drivers/STM32L4xx_HAL_Driver/Src/stm32l4xx_hal_rcc_ex.o
 .debug_info    0x0000af0b     0x3ba1 ./Drivers/STM32L4xx_HAL_Driver/Src/stm32l4xx_hal_uart.o

.debug_abbrev   0x00000000     0x21fe
 .debug_abbrev  0x00000000      0x2fb ./Core/Src/main.o
 .debug_abbrev  0x000002fb      0x24f ./Core/Src/ssd1306_Custom.o
 .debug_abbrev  0x0000054a       0xbb ./Core/Src/ssd1306_fonts_Custom.o
 .debug_abbrev  0x00000605      0x1dc ./Core/Src/stm32l4xx_hal_msp.o
 .debug_abbrev  0x000007e1       0xac ./Core/Src/stm32l4xx_it.o
 .debug_abbrev  0x0000088d      0x117 ./Core/Src/system_stm32l4xx.o
 .debug_abbrev  0x000009a4       0x24 ./Core/Startup/startup_stm32l476rgtx.o
 .debug_abbrev  0x000009c8      0x22e ./Drivers/STM32L4xx_HAL_Driver/Src/stm32l4xx_hal.o
 .debug_abbrev  0x00000bf6      0x338 ./Drivers/STM32L4xx_HAL_Driver/Src/stm32l4xx_hal_cortex.o
 .debug_abbrev  0x00000f2e      0x1ee ./Drivers/STM32L4xx_HAL_Driver/Src/stm32l4xx_hal_gpio.o
 .debug_abbrev  0x0000111c      0x29a ./Drivers/STM32L4xx_HAL_Driver/Src/stm32l4xx_hal_i2c.o
 .debug_abbrev  0x000013b6      0x1e0 ./Drivers/STM32L4xx_HAL_Driver/Src/stm32l4xx_hal_i2c_ex.o
 .debug_abbrev  0x00001596      0x1c7 ./Drivers/STM32L4xx_HAL_Driver/Src/stm32l4xx_hal_pwr.o
 .debug_abbrev  0x0000175d      0x233 ./Drivers/STM32L4xx_HAL_Driver/Src/stm32l4xx_hal_pwr_ex.o
 .debug_abbrev  0x00001990      0x2c1 ./Drivers/STM32L4xx_HAL_Driver/Src/stm32l4xx_hal_rcc.o
 .debug_abbrev  0x00001c51      0x2a3 ./Drivers/STM32L4xx_HAL_Driver/Src/stm32l4xx_hal_rcc_ex.o
 .debug_abbrev  0x00001ef4      0x30a ./Drivers/STM32L4xx_HAL_Driver/Src/stm32l4xx_hal_uart.o

.debug_aranges  0x00000000      0xcf0
 .debug_aranges
                0x00000000       0x58 ./Core/Src/main.o
 .debug_aranges
                0x00000058       0x88 ./Core/Src/ssd1306_Custom.o
 .debug_aranges
                0x000000e0       0x18 ./Core/Src/ssd1306_fonts_Custom.o
 .debug_aranges
                0x000000f8       0x40 ./Core/Src/stm32l4xx_hal_msp.o
 .debug_aranges
                0x00000138       0x60 ./Core/Src/stm32l4xx_it.o
 .debug_aranges
                0x00000198       0x28 ./Core/Src/system_stm32l4xx.o
 .debug_aranges
                0x000001c0       0x28 ./Core/Startup/startup_stm32l476rgtx.o
 .debug_aranges
                0x000001e8      0x130 ./Drivers/STM32L4xx_HAL_Driver/Src/stm32l4xx_hal.o
 .debug_aranges
                0x00000318      0x128 ./Drivers/STM32L4xx_HAL_Driver/Src/stm32l4xx_hal_cortex.o
 .debug_aranges
                0x00000440       0x58 ./Drivers/STM32L4xx_HAL_Driver/Src/stm32l4xx_hal_gpio.o
 .debug_aranges
                0x00000498      0x2a0 ./Drivers/STM32L4xx_HAL_Driver/Src/stm32l4xx_hal_i2c.o
 .debug_aranges
                0x00000738       0x48 ./Drivers/STM32L4xx_HAL_Driver/Src/stm32l4xx_hal_i2c_ex.o
 .debug_aranges
                0x00000780       0x98 ./Drivers/STM32L4xx_HAL_Driver/Src/stm32l4xx_hal_pwr.o
 .debug_aranges
                0x00000818      0x160 ./Drivers/STM32L4xx_HAL_Driver/Src/stm32l4xx_hal_pwr_ex.o
 .debug_aranges
                0x00000978       0x90 ./Drivers/STM32L4xx_HAL_Driver/Src/stm32l4xx_hal_rcc.o
 .debug_aranges
                0x00000a08       0xc0 ./Drivers/STM32L4xx_HAL_Driver/Src/stm32l4xx_hal_rcc_ex.o
 .debug_aranges
                0x00000ac8      0x228 ./Drivers/STM32L4xx_HAL_Driver/Src/stm32l4xx_hal_uart.o

.debug_rnglists
                0x00000000      0x9fd
 .debug_rnglists
                0x00000000       0x40 ./Core/Src/main.o
 .debug_rnglists
                0x00000040       0x66 ./Core/Src/ssd1306_Custom.o
 .debug_rnglists
                0x000000a6       0x2d ./Core/Src/stm32l4xx_hal_msp.o
 .debug_rnglists
                0x000000d3       0x43 ./Core/Src/stm32l4xx_it.o
 .debug_rnglists
                0x00000116       0x1a ./Core/Src/system_stm32l4xx.o
 .debug_rnglists
                0x00000130       0x19 ./Core/Startup/startup_stm32l476rgtx.o
 .debug_rnglists
                0x00000149       0xdf ./Drivers/STM32L4xx_HAL_Driver/Src/stm32l4xx_hal.o
 .debug_rnglists
                0x00000228       0xda ./Drivers/STM32L4xx_HAL_Driver/Src/stm32l4xx_hal_cortex.o
 .debug_rnglists
                0x00000302       0x40 ./Drivers/STM32L4xx_HAL_Driver/Src/stm32l4xx_hal_gpio.o
 .debug_rnglists
                0x00000342      0x22a ./Drivers/STM32L4xx_HAL_Driver/Src/stm32l4xx_hal_i2c.o
 .debug_rnglists
                0x0000056c       0x37 ./Drivers/STM32L4xx_HAL_Driver/Src/stm32l4xx_hal_i2c_ex.o
 .debug_rnglists
                0x000005a3       0x71 ./Drivers/STM32L4xx_HAL_Driver/Src/stm32l4xx_hal_pwr.o
 .debug_rnglists
                0x00000614      0x109 ./Drivers/STM32L4xx_HAL_Driver/Src/stm32l4xx_hal_pwr_ex.o
 .debug_rnglists
                0x0000071d       0x6f ./Drivers/STM32L4xx_HAL_Driver/Src/stm32l4xx_hal_rcc.o
 .debug_rnglists
                0x0000078c       0x95 ./Drivers/STM32L4xx_HAL_Driver/Src/stm32l4xx_hal_rcc_ex.o
 .debug_rnglists
                0x00000821      0x1dc ./Drivers/STM32L4xx_HAL_Driver/Src/stm32l4xx_hal_uart.o

.debug_macro    0x00000000    0x26d5e
 .debug_macro   0x00000000      0x2d9 ./Core/Src/main.o
 .debug_macro   0x000002d9      0xad8 ./Core/Src/main.o
 .debug_macro   0x00000db1       0x22 ./Core/Src/main.o
 .debug_macro   0x00000dd3       0x5b ./Core/Src/main.o
 .debug_macro   0x00000e2e       0x2a ./Core/Src/main.o
 .debug_macro   0x00000e58       0x94 ./Core/Src/main.o
 .debug_macro   0x00000eec       0x43 ./Core/Src/main.o
 .debug_macro   0x00000f2f       0x34 ./Core/Src/main.o
 .debug_macro   0x00000f63       0x16 ./Core/Src/main.o
 .debug_macro   0x00000f79       0x57 ./Core/Src/main.o
 .debug_macro   0x00000fd0       0x9e ./Core/Src/main.o
 .debug_macro   0x0000106e      0x370 ./Core/Src/main.o
 .debug_macro   0x000013de      0x112 ./Core/Src/main.o
 .debug_macro   0x000014f0       0x10 ./Core/Src/main.o
 .debug_macro   0x00001500       0x16 ./Core/Src/main.o
 .debug_macro   0x00001516       0x4a ./Core/Src/main.o
 .debug_macro   0x00001560       0x34 ./Core/Src/main.o
 .debug_macro   0x00001594       0x10 ./Core/Src/main.o
 .debug_macro   0x000015a4       0x58 ./Core/Src/main.o
 .debug_macro   0x000015fc       0x8e ./Core/Src/main.o
 .debug_macro   0x0000168a       0x1c ./Core/Src/main.o
 .debug_macro   0x000016a6      0x185 ./Core/Src/main.o
 .debug_macro   0x0000182b       0x16 ./Core/Src/main.o
 .debug_macro   0x00001841       0x16 ./Core/Src/main.o
 .debug_macro   0x00001857      0x146 ./Core/Src/main.o
 .debug_macro   0x0000199d      0x103 ./Core/Src/main.o
 .debug_macro   0x00001aa0       0x6a ./Core/Src/main.o
 .debug_macro   0x00001b0a      0x1df ./Core/Src/main.o
 .debug_macro   0x00001ce9       0x2e ./Core/Src/main.o
 .debug_macro   0x00001d17      0x1ae ./Core/Src/main.o
 .debug_macro   0x00001ec5       0x28 ./Core/Src/main.o
 .debug_macro   0x00001eed       0x28 ./Core/Src/main.o
 .debug_macro   0x00001f15       0x1c ./Core/Src/main.o
 .debug_macro   0x00001f31       0x22 ./Core/Src/main.o
 .debug_macro   0x00001f53       0xfb ./Core/Src/main.o
 .debug_macro   0x0000204e     0x1011 ./Core/Src/main.o
 .debug_macro   0x0000305f      0x11f ./Core/Src/main.o
 .debug_macro   0x0000317e    0x1a192 ./Core/Src/main.o
 .debug_macro   0x0001d310       0x6d ./Core/Src/main.o
 .debug_macro   0x0001d37d     0x38fb ./Core/Src/main.o
 .debug_macro   0x00020c78       0x56 ./Core/Src/main.o
 .debug_macro   0x00020cce     0x159e ./Core/Src/main.o
 .debug_macro   0x0002226c      0x5a5 ./Core/Src/main.o
 .debug_macro   0x00022811      0x1b9 ./Core/Src/main.o
 .debug_macro   0x000229ca      0x18b ./Core/Src/main.o
 .debug_macro   0x00022b55      0x2c4 ./Core/Src/main.o
 .debug_macro   0x00022e19      0x27a ./Core/Src/main.o
 .debug_macro   0x00023093      0x23d ./Core/Src/main.o
 .debug_macro   0x000232d0      0x241 ./Core/Src/main.o
 .debug_macro   0x00023511      0x37c ./Core/Src/main.o
 .debug_macro   0x0002388d       0xd6 ./Core/Src/main.o
 .debug_macro   0x00023963      0x22c ./Core/Src/main.o
 .debug_macro   0x00023b8f       0x61 ./Core/Src/main.o
 .debug_macro   0x00023bf0       0xa5 ./Core/Src/main.o
 .debug_macro   0x00023c95      0x122 ./Core/Src/main.o
 .debug_macro   0x00023db7      0x3ef ./Core/Src/main.o
 .debug_macro   0x000241a6      0x5cf ./Core/Src/main.o
 .debug_macro   0x00024775       0x44 ./Core/Src/main.o
 .debug_macro   0x000247b9      0x330 ./Core/Src/main.o
 .debug_macro   0x00024ae9       0x16 ./Core/Src/main.o
 .debug_macro   0x00024aff       0x5e ./Core/Src/main.o
 .debug_macro   0x00024b5d      0x2f8 ./Core/Src/ssd1306_Custom.o
 .debug_macro   0x00024e55      0x19b ./Core/Src/ssd1306_Custom.o
 .debug_macro   0x00024ff0       0x16 ./Core/Src/ssd1306_Custom.o
 .debug_macro   0x00025006       0x3c ./Core/Src/ssd1306_Custom.o
 .debug_macro   0x00025042       0x16 ./Core/Src/ssd1306_Custom.o
 .debug_macro   0x00025058       0x29 ./Core/Src/ssd1306_Custom.o
 .debug_macro   0x00025081       0x16 ./Core/Src/ssd1306_Custom.o
 .debug_macro   0x00025097       0x20 ./Core/Src/ssd1306_Custom.o
 .debug_macro   0x000250b7       0x16 ./Core/Src/ssd1306_Custom.o
 .debug_macro   0x000250cd      0x220 ./Core/Src/ssd1306_fonts_Custom.o
 .debug_macro   0x000252ed       0x61 ./Core/Src/ssd1306_fonts_Custom.o
 .debug_macro   0x0002534e      0x1de ./Core/Src/stm32l4xx_hal_msp.o
 .debug_macro   0x0002552c       0x2e ./Core/Src/stm32l4xx_hal_msp.o
 .debug_macro   0x0002555a      0x1e8 ./Core/Src/stm32l4xx_it.o
 .debug_macro   0x00025742      0x1d4 ./Core/Src/system_stm32l4xx.o
 .debug_macro   0x00025916      0x222 ./Drivers/STM32L4xx_HAL_Driver/Src/stm32l4xx_hal.o
 .debug_macro   0x00025b38      0x1d4 ./Drivers/STM32L4xx_HAL_Driver/Src/stm32l4xx_hal_cortex.o
 .debug_macro   0x00025d0c      0x1db ./Drivers/STM32L4xx_HAL_Driver/Src/stm32l4xx_hal_gpio.o
 .debug_macro   0x00025ee7      0x2a0 ./Drivers/STM32L4xx_HAL_Driver/Src/stm32l4xx_hal_i2c.o
 .debug_macro   0x00026187      0x1d4 ./Drivers/STM32L4xx_HAL_Driver/Src/stm32l4xx_hal_i2c_ex.o
 .debug_macro   0x0002635b      0x1ec ./Drivers/STM32L4xx_HAL_Driver/Src/stm32l4xx_hal_pwr.o
 .debug_macro   0x00026547      0x1f8 ./Drivers/STM32L4xx_HAL_Driver/Src/stm32l4xx_hal_pwr_ex.o
 .debug_macro   0x0002673f      0x216 ./Drivers/STM32L4xx_HAL_Driver/Src/stm32l4xx_hal_rcc.o
 .debug_macro   0x00026955      0x20a ./Drivers/STM32L4xx_HAL_Driver/Src/stm32l4xx_hal_rcc_ex.o
 .debug_macro   0x00026b5f      0x1ff ./Drivers/STM32L4xx_HAL_Driver/Src/stm32l4xx_hal_uart.o

.debug_line     0x00000000    0x11752
 .debug_line    0x00000000      0xa68 ./Core/Src/main.o
 .debug_line    0x00000a68      0xb71 ./Core/Src/ssd1306_Custom.o
 .debug_line    0x000015d9      0x85c ./Core/Src/ssd1306_fonts_Custom.o
 .debug_line    0x00001e35      0x82a ./Core/Src/stm32l4xx_hal_msp.o
 .debug_line    0x0000265f      0x810 ./Core/Src/stm32l4xx_it.o
 .debug_line    0x00002e6f      0x7ff ./Core/Src/system_stm32l4xx.o
 .debug_line    0x0000366e       0x7a ./Core/Startup/startup_stm32l476rgtx.o
 .debug_line    0x000036e8      0xb8e ./Drivers/STM32L4xx_HAL_Driver/Src/stm32l4xx_hal.o
 .debug_line    0x00004276      0xf1a ./Drivers/STM32L4xx_HAL_Driver/Src/stm32l4xx_hal_cortex.o
 .debug_line    0x00005190      0xd33 ./Drivers/STM32L4xx_HAL_Driver/Src/stm32l4xx_hal_gpio.o
 .debug_line    0x00005ec3     0x3a03 ./Drivers/STM32L4xx_HAL_Driver/Src/stm32l4xx_hal_i2c.o
 .debug_line    0x000098c6      0x98c ./Drivers/STM32L4xx_HAL_Driver/Src/stm32l4xx_hal_i2c_ex.o
 .debug_line    0x0000a252      0xa4a ./Drivers/STM32L4xx_HAL_Driver/Src/stm32l4xx_hal_pwr.o
 .debug_line    0x0000ac9c      0xea6 ./Drivers/STM32L4xx_HAL_Driver/Src/stm32l4xx_hal_pwr_ex.o
 .debug_line    0x0000bb42     0x12f3 ./Drivers/STM32L4xx_HAL_Driver/Src/stm32l4xx_hal_rcc.o
 .debug_line    0x0000ce35     0x1955 ./Drivers/STM32L4xx_HAL_Driver/Src/stm32l4xx_hal_rcc_ex.o
 .debug_line    0x0000e78a     0x2fc8 ./Drivers/STM32L4xx_HAL_Driver/Src/stm32l4xx_hal_uart.o

.debug_str      0x00000000    0xeceb8
 .debug_str     0x00000000    0xeceb8 ./Core/Src/main.o
                              0xe8bbf (size before relaxing)
 .debug_str     0x000eceb8        0x0 ./Core/Src/ssd1306_Custom.o
                              0xe8960 (size before relaxing)
 .debug_str     0x000eceb8        0x0 ./Core/Src/ssd1306_fonts_Custom.o
                              0xe4aa4 (size before relaxing)
 .debug_str     0x000eceb8        0x0 ./Core/Src/stm32l4xx_hal_msp.o
                              0xe51bd (size before relaxing)
 .debug_str     0x000eceb8        0x0 ./Core/Src/stm32l4xx_it.o
                              0xe4691 (size before relaxing)
 .debug_str     0x000eceb8        0x0 ./Core/Src/system_stm32l4xx.o
                              0xe480d (size before relaxing)
 .debug_str     0x000eceb8        0x0 ./Core/Startup/startup_stm32l476rgtx.o
                                 0xaa (size before relaxing)
 .debug_str     0x000eceb8        0x0 ./Drivers/STM32L4xx_HAL_Driver/Src/stm32l4xx_hal.o
                              0xe53c3 (size before relaxing)
 .debug_str     0x000eceb8        0x0 ./Drivers/STM32L4xx_HAL_Driver/Src/stm32l4xx_hal_cortex.o
                              0xe50a8 (size before relaxing)
 .debug_str     0x000eceb8        0x0 ./Drivers/STM32L4xx_HAL_Driver/Src/stm32l4xx_hal_gpio.o
                              0xe49a6 (size before relaxing)
 .debug_str     0x000eceb8        0x0 ./Drivers/STM32L4xx_HAL_Driver/Src/stm32l4xx_hal_i2c.o
                              0xe5a1c (size before relaxing)
 .debug_str     0x000eceb8        0x0 ./Drivers/STM32L4xx_HAL_Driver/Src/stm32l4xx_hal_i2c_ex.o
                              0xe4d28 (size before relaxing)
 .debug_str     0x000eceb8        0x0 ./Drivers/STM32L4xx_HAL_Driver/Src/stm32l4xx_hal_pwr.o
                              0xe4b86 (size before relaxing)
 .debug_str     0x000eceb8        0x0 ./Drivers/STM32L4xx_HAL_Driver/Src/stm32l4xx_hal_pwr_ex.o
                              0xe4d76 (size before relaxing)
 .debug_str     0x000eceb8        0x0 ./Drivers/STM32L4xx_HAL_Driver/Src/stm32l4xx_hal_rcc.o
                              0xe4e61 (size before relaxing)
 .debug_str     0x000eceb8        0x0 ./Drivers/STM32L4xx_HAL_Driver/Src/stm32l4xx_hal_rcc_ex.o
                              0xe4fec (size before relaxing)
 .debug_str     0x000eceb8        0x0 ./Drivers/STM32L4xx_HAL_Driver/Src/stm32l4xx_hal_uart.o
                              0xe5573 (size before relaxing)

.comment        0x00000000       0x43
 .comment       0x00000000       0x43 ./Core/Src/main.o
                                 0x44 (size before relaxing)
 .comment       0x00000043        0x0 ./Core/Src/ssd1306_Custom.o
                                 0x44 (size before relaxing)
 .comment       0x00000043        0x0 ./Core/Src/ssd1306_fonts_Custom.o
                                 0x44 (size before relaxing)
 .comment       0x00000043        0x0 ./Core/Src/stm32l4xx_hal_msp.o
                                 0x44 (size before relaxing)
 .comment       0x00000043        0x0 ./Core/Src/stm32l4xx_it.o
                                 0x44 (size before relaxing)
 .comment       0x00000043        0x0 ./Core/Src/system_stm32l4xx.o
                                 0x44 (size before relaxing)
 .comment       0x00000043        0x0 ./Drivers/STM32L4xx_HAL_Driver/Src/stm32l4xx_hal.o
                                 0x44 (size before relaxing)
 .comment       0x00000043        0x0 ./Drivers/STM32L4xx_HAL_Driver/Src/stm32l4xx_hal_cortex.o
                                 0x44 (size before relaxing)
 .comment       0x00000043        0x0 ./Drivers/STM32L4xx_HAL_Driver/Src/stm32l4xx_hal_gpio.o
                                 0x44 (size before relaxing)
 .comment       0x00000043        0x0 ./Drivers/STM32L4xx_HAL_Driver/Src/stm32l4xx_hal_i2c.o
                                 0x44 (size before relaxing)
 .comment       0x00000043        0x0 ./Drivers/STM32L4xx_HAL_Driver/Src/stm32l4xx_hal_i2c_ex.o
                                 0x44 (size before relaxing)
 .comment       0x00000043        0x0 ./Drivers/STM32L4xx_HAL_Driver/Src/stm32l4xx_hal_pwr.o
                                 0x44 (size before relaxing)
 .comment       0x00000043        0x0 ./Drivers/STM32L4xx_HAL_Driver/Src/stm32l4xx_hal_pwr_ex.o
                                 0x44 (size before relaxing)
 .comment       0x00000043        0x0 ./Drivers/STM32L4xx_HAL_Driver/Src/stm32l4xx_hal_rcc.o
                                 0x44 (size before relaxing)
 .comment       0x00000043        0x0 ./Drivers/STM32L4xx_HAL_Driver/Src/stm32l4xx_hal_rcc_ex.o
                                 0x44 (size before relaxing)
 .comment       0x00000043        0x0 ./Drivers/STM32L4xx_HAL_Driver/Src/stm32l4xx_hal_uart.o
                                 0x44 (size before relaxing)

.debug_frame    0x00000000     0x34b4
 .debug_frame   0x00000000      0x118 ./Core/Src/main.o
 .debug_frame   0x00000118      0x258 ./Core/Src/ssd1306_Custom.o
 .debug_frame   0x00000370       0xd0 ./Core/Src/stm32l4xx_hal_msp.o
 .debug_frame   0x00000440      0x104 ./Core/Src/stm32l4xx_it.o
 .debug_frame   0x00000544       0x58 ./Core/Src/system_stm32l4xx.o
 .debug_frame   0x0000059c      0x48c ./Drivers/STM32L4xx_HAL_Driver/Src/stm32l4xx_hal.o
 .debug_frame   0x00000a28      0x4dc ./Drivers/STM32L4xx_HAL_Driver/Src/stm32l4xx_hal_cortex.o
 .debug_frame   0x00000f04      0x13c ./Drivers/STM32L4xx_HAL_Driver/Src/stm32l4xx_hal_gpio.o
 .debug_frame   0x00001040      0xc38 ./Drivers/STM32L4xx_HAL_Driver/Src/stm32l4xx_hal_i2c.o
 .debug_frame   0x00001c78       0xe8 ./Drivers/STM32L4xx_HAL_Driver/Src/stm32l4xx_hal_i2c_ex.o
 .debug_frame   0x00001d60      0x224 ./Drivers/STM32L4xx_HAL_Driver/Src/stm32l4xx_hal_pwr.o
 .debug_frame   0x00001f84      0x55c ./Drivers/STM32L4xx_HAL_Driver/Src/stm32l4xx_hal_pwr_ex.o
 .debug_frame   0x000024e0      0x218 ./Drivers/STM32L4xx_HAL_Driver/Src/stm32l4xx_hal_rcc.o
 .debug_frame   0x000026f8      0x2fc ./Drivers/STM32L4xx_HAL_Driver/Src/stm32l4xx_hal_rcc_ex.o
 .debug_frame   0x000029f4      0x9ec ./Drivers/STM32L4xx_HAL_Driver/Src/stm32l4xx_hal_uart.o
 .debug_frame   0x000033e0       0x20 C:/ST/STM32CubeIDE_2.0.0/STM32CubeIDE/plugins/com.st.stm32cube.ide.mcu.externaltools.gnu-tools-for-stm32.13.3.rel1.win32_1.0.100.202509120712/tools/bin/../lib/gcc/arm-none-eabi/13.3.1/../../../../arm-none-eabi/lib/thumb/v7e-m+fp/hard\libc_nano.a(libc_a-memset.o)
 .debug_frame   0x00003400       0x2c C:/ST/STM32CubeIDE_2.0.0/STM32CubeIDE/plugins/com.st.stm32cube.ide.mcu.externaltools.gnu-tools-for-stm32.13.3.rel1.win32_1.0.100.202509120712/tools/bin/../lib/gcc/arm-none-eabi/13.3.1/../../../../arm-none-eabi/lib/thumb/v7e-m+fp/hard\libc_nano.a(libc_a-init.o)
 .debug_frame   0x0000342c       0x28 C:/ST/STM32CubeIDE_2.0.0/STM32CubeIDE/plugins/com.st.stm32cube.ide.mcu.externaltools.gnu-tools-for-stm32.13.3.rel1.win32_1.0.100.202509120712/tools/bin/../lib/gcc/arm-none-eabi/13.3.1/../../../../arm-none-eabi/lib/thumb/v7e-m+fp/hard\libc_nano.a(libc_a-memcpy-stub.o)
 .debug_frame   0x00003454       0x2c C:/ST/STM32CubeIDE_2.0.0/STM32CubeIDE/plugins/com.st.stm32cube.ide.mcu.externaltools.gnu-tools-for-stm32.13.3.rel1.win32_1.0.100.202509120712/tools/bin/../lib/gcc/arm-none-eabi/13.3.1/thumb/v7e-m+fp/hard\libgcc.a(_aeabi_uldivmod.o)
 .debug_frame   0x00003480       0x34 C:/ST/STM32CubeIDE_2.0.0/STM32CubeIDE/plugins/com.st.stm32cube.ide.mcu.externaltools.gnu-tools-for-stm32.13.3.rel1.win32_1.0.100.202509120712/tools/bin/../lib/gcc/arm-none-eabi/13.3.1/thumb/v7e-m+fp/hard\libgcc.a(_udivmoddi4.o)

.debug_line_str
                0x00000000       0x8e
 .debug_line_str
                0x00000000       0x8e ./Core/Startup/startup_stm32l476rgtx.o
