../Core/Src/main.c:91:5:__io_putchar	16	static
../Core/Src/main.c:96:19:mpu6050_Wake	32	static
../Core/Src/main.c:110:19:mpu6050_Sleep	32	static
../Core/Src/main.c:118:19:mpu6050_MeasureAccel	40	static
../Core/Src/main.c:150:5:main	8	static
../Core/Src/main.c:224:6:SystemClock_Config	96	static
../Core/Src/main.c:285:13:MX_I2C1_Init	8	static
../Core/Src/main.c:333:13:MX_USART2_UART_Init	8	static
../Core/Src/main.c:368:13:MX_GPIO_Init	24	static
../Core/Src/main.c:392:6:Error_Handler	4	static,ignoring_inline_asm
