../Core/Src/ssd1306_Custom.c:20:6:ssd1306_Reset	4	static
../Core/Src/ssd1306_Custom.c:24:6:ssd1306_Send_Cmd	40	static
../Core/Src/ssd1306_Custom.c:28:6:ssd1306_Send_Data_Buff	32	static
../Core/Src/ssd1306_Custom.c:32:6:ssd1306_SetScreen	48	static
../Core/Src/ssd1306_Custom.c:48:6:ssd1306_Set_Contrast_Control	48	static
../Core/Src/ssd1306_Custom.c:56:21:ssd1306_UpdateBuffer	24	static
../Core/Src/ssd1306_Custom.c:66:6:ssd1306_ClearBuffer	8	static
../Core/Src/ssd1306_Custom.c:71:6:ssd1306_FillBuffer	8	static
../Core/Src/ssd1306_Custom.c:75:6:ssd1306_UpdateScreen	104	static
../Core/Src/ssd1306_Custom.c:86:6:ssd1306_Init	80	static
../Core/Src/ssd1306_Custom.c:157:6:ssd1306_DrawPixel	16	static
../Core/Src/ssd1306_Custom.c:173:6:ssd1306_SetFontCursor	16	static
../Core/Src/ssd1306_Custom.c:179:6:ssd1306_WriteChar	48	static
../Core/Src/ssd1306_Custom.c:223:6:ssd1306_WriteString	32	static
